[backblue.gif]
[fade.gif]
[index.html]
[dtcpass.delhi.gov.in/images/DTC1.png]
[dtcpass.delhi.gov.in/js/paging/jquery-1.11.1.min.js]
[dtcpass.delhi.gov.in/js/paging/jquery.dataTables.min.js]
[dtcpass.delhi.gov.in/images/Dtc.jpg]
[dtcpass.delhi.gov.in/js/core.min.js]
[dtcpass.delhi.gov.in/js/script.js]
[dtcpass.delhi.gov.in/viewEPass2ddf.html]
[dtcpass.delhi.gov.in/fonts/glyphicons-halflings-regular.eot]
[dtcpass.delhi.gov.in/fonts/glyphicons-halflings-regulard41dd41d.eot]
[dtcpass.delhi.gov.in/fonts/glyphicons-halflings-regular.woff2]
[dtcpass.delhi.gov.in/fonts/glyphicons-halflings-regular.woff]
[dtcpass.delhi.gov.in/fonts/glyphicons-halflings-regular.ttf]
[dtcpass.delhi.gov.in/fonts/fontawesome-webfont32953295.eot]
[dtcpass.delhi.gov.in/fonts/fontawesome-webfontd41dd41d.eot]
[dtcpass.delhi.gov.in/fonts/fontawesome-webfont32953295.woff2]
[dtcpass.delhi.gov.in/fonts/fontawesome-webfont32953295.woff]
[dtcpass.delhi.gov.in/fonts/fontawesome-webfont32953295.ttf]
[dtcpass.delhi.gov.in/fonts/Flaticon.eot]
[dtcpass.delhi.gov.in/fonts/Flaticond41dd41d.eot]
[dtcpass.delhi.gov.in/fonts/Flaticon.woff]
[dtcpass.delhi.gov.in/fonts/Flaticon.ttf]
[dtcpass.delhi.gov.in/fonts/materialdesignicons-webfont14e614e6.eot]
[dtcpass.delhi.gov.in/fonts/materialdesignicons-webfontd41dd41d.eot]
[dtcpass.delhi.gov.in/fonts/materialdesignicons-webfont14e614e6.woff2]
[dtcpass.delhi.gov.in/fonts/materialdesignicons-webfont14e614e6.woff]
[dtcpass.delhi.gov.in/fonts/materialdesignicons-webfont14e614e6.ttf]
[dtcpass.delhi.gov.in/images/photoswipe-controls.png]
[dtcpass.delhi.gov.in/images/ajax-loader.gif]
[dtcpass.delhi.gov.in/css/style.css]
[dtcpass.delhi.gov.in/js/paging/paging.css]
[dtcpass.delhi.gov.in/pdf/DTC Bus Pass Form.pdf]
[dtcpass.delhi.gov.in/home.html]
[dtcpass.delhi.gov.in/fonts/glyphicons-halflings-regular.svg]
[dtcpass.delhi.gov.in/fonts/fontawesome-webfont32953295.svg]
[dtcpass.delhi.gov.in/fonts/Flaticon.svg]
[dtcpass.delhi.gov.in/css/Flaticon.html]
[dtcpass.delhi.gov.in/fonts/materialdesignicons-webfont14e614e6.svg]
[dtcpass.delhi.gov.in/images/photoswipe-controls.svg]
[dtcpass.delhi.gov.in/images/preloader.html]
[dtcpass.delhi.gov.in/login.html]
[dtcpass.delhi.gov.in/js/validation.js]
[dtcpass.delhi.gov.in/calender/jquery-1.11.3.min.js]
[dtcpass.delhi.gov.in/calender/bootstrap-datepicker.min.js]
[dtcpass.delhi.gov.in/apply.html]
[dtcpass.delhi.gov.in/faqs.html]
[dtcpass.delhi.gov.in/mobilesahayaklogin.html]
[dtcpass.delhi.gov.in/labourLogin.html]
[dtcpass.delhi.gov.in/pricecalculator.html]
[dtcpass.delhi.gov.in/getEPass.html]
[dtcpass.delhi.gov.in/status.html]
[dtcpass.delhi.gov.in/contacts.html]
[www.googletagmanager.com/gtm5445.html]
[dtcpass.delhi.gov.in/calender/bootstrap-datepicker3.css]
[dtcpass.delhi.gov.in/index.html]
[dtcpass.delhi.gov.in/POST.html]
